Serial teaching code: orbit-discrete-gradient Picard CN potential PIC
test_case = landau_strong (serial, no MPI/OpenMP)
grid = 32 x 1 x 1, dt = 0.1, steps = 300
step    60/300 Gauss=2.179e-14 R_A=1.896e-16 dE=-1.065e-15 crossings=266 Picard=5
step   120/300 Gauss=3.668e-14 R_A=2.820e-16 dE=-9.923e-16 crossings=224 Picard=5
step   180/300 Gauss=7.786e-14 R_A=3.175e-16 dE=-7.980e-17 crossings=238 Picard=5
step   240/300 Gauss=7.437e-14 R_A=5.229e-16 dE=1.603e-15 crossings=232 Picard=5
step   300/300 Gauss=1.167e-13 R_A=5.708e-16 dE=3.860e-16 crossings=234 Picard=5
Final Gauss RMS = 1.167494e-13
Final gauge RMS = 3.518872e-14
Final total energy = 9.150514e+00
Diagnostics prefix: landau_strong
  max relative total-energy drift: 6.406173e-15
  max Gauss RMS residual:          1.167494e-13
  max Lorenz-gauge RMS residual:   4.067673e-14
  max A-chain RMS residual:        7.896088e-16
  max abs step total-energy error: 5.218048e-15
  max particle-energy residual:    4.593548e-15
  max field-energy residual:       3.011480e-15
  final |E_k| / linear envelope:   1.257467e+00
  min/max |E_k| / envelope:        9.476266e-04 / 6.971861e+00
  fitted gamma from log |E_k|:     -3.444738e-01
  fitted log-amplitude intercept:  -1.246018e+00
